###############################################################################
#
# IAR ELF Linker V7.50.2.10312/W32 for ARM                26/Nov/2016  13:49:05
# Copyright 2007-2015 IAR Systems AB.
#
#    Output file  =  
#        D:\freeRtos\FreeRTOSv9.0.0\FreeRTOS\Demo\CORTEX_M4F_STM32F407ZG-SK\Flash
#        Debug\Exe\RTOSDemo.out
#    Map file     =  
#        D:\freeRtos\FreeRTOSv9.0.0\FreeRTOS\Demo\CORTEX_M4F_STM32F407ZG-SK\Flash
#        Debug\List\RTOSDemo.map
#    Command line =  
#        "D:\freeRtos\FreeRTOSv9.0.0\FreeRTOS\Demo\CORTEX_M4F_STM32F407ZG-SK\Flash
#        Debug\Obj\flash.o"
#        "D:\freeRtos\FreeRTOSv9.0.0\FreeRTOS\Demo\CORTEX_M4F_STM32F407ZG-SK\Flash
#        Debug\Obj\heap_2.o"
#        "D:\freeRtos\FreeRTOSv9.0.0\FreeRTOS\Demo\CORTEX_M4F_STM32F407ZG-SK\Flash
#        Debug\Obj\iar_stm32f407zg_sk.o"
#        "D:\freeRtos\FreeRTOSv9.0.0\FreeRTOS\Demo\CORTEX_M4F_STM32F407ZG-SK\Flash
#        Debug\Obj\list.o"
#        "D:\freeRtos\FreeRTOSv9.0.0\FreeRTOS\Demo\CORTEX_M4F_STM32F407ZG-SK\Flash
#        Debug\Obj\main.o"
#        "D:\freeRtos\FreeRTOSv9.0.0\FreeRTOS\Demo\CORTEX_M4F_STM32F407ZG-SK\Flash
#        Debug\Obj\misc.o"
#        "D:\freeRtos\FreeRTOSv9.0.0\FreeRTOS\Demo\CORTEX_M4F_STM32F407ZG-SK\Flash
#        Debug\Obj\ParTest.o"
#        "D:\freeRtos\FreeRTOSv9.0.0\FreeRTOS\Demo\CORTEX_M4F_STM32F407ZG-SK\Flash
#        Debug\Obj\port.o"
#        "D:\freeRtos\FreeRTOSv9.0.0\FreeRTOS\Demo\CORTEX_M4F_STM32F407ZG-SK\Flash
#        Debug\Obj\portasm.o"
#        "D:\freeRtos\FreeRTOSv9.0.0\FreeRTOS\Demo\CORTEX_M4F_STM32F407ZG-SK\Flash
#        Debug\Obj\queue.o"
#        "D:\freeRtos\FreeRTOSv9.0.0\FreeRTOS\Demo\CORTEX_M4F_STM32F407ZG-SK\Flash
#        Debug\Obj\RegTest.o"
#        "D:\freeRtos\FreeRTOSv9.0.0\FreeRTOS\Demo\CORTEX_M4F_STM32F407ZG-SK\Flash
#        Debug\Obj\startup_stm32f4xx.o"
#        "D:\freeRtos\FreeRTOSv9.0.0\FreeRTOS\Demo\CORTEX_M4F_STM32F407ZG-SK\Flash
#        Debug\Obj\stm32f4xx_exti.o"
#        "D:\freeRtos\FreeRTOSv9.0.0\FreeRTOS\Demo\CORTEX_M4F_STM32F407ZG-SK\Flash
#        Debug\Obj\stm32f4xx_gpio.o"
#        "D:\freeRtos\FreeRTOSv9.0.0\FreeRTOS\Demo\CORTEX_M4F_STM32F407ZG-SK\Flash
#        Debug\Obj\stm32f4xx_it.o"
#        "D:\freeRtos\FreeRTOSv9.0.0\FreeRTOS\Demo\CORTEX_M4F_STM32F407ZG-SK\Flash
#        Debug\Obj\stm32f4xx_rcc.o"
#        "D:\freeRtos\FreeRTOSv9.0.0\FreeRTOS\Demo\CORTEX_M4F_STM32F407ZG-SK\Flash
#        Debug\Obj\stm32f4xx_syscfg.o"
#        "D:\freeRtos\FreeRTOSv9.0.0\FreeRTOS\Demo\CORTEX_M4F_STM32F407ZG-SK\Flash
#        Debug\Obj\system_stm32f4xx.o"
#        "D:\freeRtos\FreeRTOSv9.0.0\FreeRTOS\Demo\CORTEX_M4F_STM32F407ZG-SK\Flash
#        Debug\Obj\tasks.o"
#        "D:\freeRtos\FreeRTOSv9.0.0\FreeRTOS\Demo\CORTEX_M4F_STM32F407ZG-SK\Flash
#        Debug\Obj\timers.o" --redirect _Printf=_PrintfLarge --redirect
#        _Scanf=_ScanfSmall -o
#        "D:\freeRtos\FreeRTOSv9.0.0\FreeRTOS\Demo\CORTEX_M4F_STM32F407ZG-SK\Flash
#        Debug\Exe\RTOSDemo.out" --map
#        "D:\freeRtos\FreeRTOSv9.0.0\FreeRTOS\Demo\CORTEX_M4F_STM32F407ZG-SK\Flash
#        Debug\List\RTOSDemo.map" --config
#        D:\freeRtos\FreeRTOSv9.0.0\FreeRTOS\Demo\CORTEX_M4F_STM32F407ZG-SK\config\stm32f4xx_flash.icf
#        --semihosting --entry __iar_program_start --redirect
#        __iar_sh_stdout=__iar_sh_stdout_swo --vfe
#
###############################################################################

*******************************************************************************
*** RUNTIME MODEL ATTRIBUTES
***

CppFlavor       = *
__SystemLibrary = DLib


*******************************************************************************
*** PLACEMENT SUMMARY
***

"A1":  place at 0x08000000 { ro section .intvec };
"P1":  place in [from 0x08000000 to 0x080fffff] { ro };
"P2":  place in [from 0x20000000 to 0x2001ffff] { rw, block CSTACK, block HEAP };

  Section            Kind        Address     Size  Object
  -------            ----        -------     ----  ------
"A1":                                       0x188
  .intvec            ro code  0x08000000    0x188  startup_stm32f4xx.o [1]
                            - 0x08000188    0x188

"P1":                                      0x2cfc
  .text              ro code  0x08000188    0xbe8  tasks.o [1]
  .text              ro code  0x08000d70    0x154  heap_2.o [1]
  .text              ro code  0x08000ec4     0x66  ABImemset.o [5]
  .text              ro code  0x08000f2a     0x9e  list.o [1]
  .text              ro code  0x08000fc8    0x258  port.o [1]
  .text              ro code  0x08001220    0x43c  timers.o [1]
  .text              ro code  0x0800165c    0x156  main.o [1]
  .rodata            const    0x080017b2      0x2  heap_2.o [1]
  CODE               ro code  0x080017b4     0xa8  portasm.o [1]
  .text              ro code  0x0800185c    0x86c  queue.o [1]
  .text              ro code  0x080020c8     0x88  flash.o [1]
  .text              ro code  0x08002150    0x154  system_stm32f4xx.o [1]
  .text              ro code  0x080022a4     0x88  misc.o [1]
  .text              ro code  0x0800232c     0x3c  ParTest.o [1]
  .text              ro code  0x08002368    0x148  iar_stm32f407zg_sk.o [1]
  CODE               ro code  0x080024b0    0x3d4  RegTest.o [1]
  .text              ro code  0x08002884     0xa4  stm32f4xx_exti.o [1]
  .text              ro code  0x08002928     0x76  ABImemcpy_unaligned.o [5]
  .text              ro code  0x080029a0     0x44  stm32f4xx_rcc.o [1]
  .text              ro code  0x080029e4     0xaa  stm32f4xx_gpio.o [1]
  .text              ro code  0x08002a90     0x54  stm32f4xx_syscfg.o [1]
  .text              ro code  0x08002ae4     0x40  zero_init3.o [5]
  Initializer bytes  const    0x08002b24     0x3c  <for P2-1>
  .text              ro code  0x08002b60     0x2c  copy_init3.o [5]
  .text              ro code  0x08002b8c     0x28  data_init.o [5]
  .text              ro code  0x08002bb4     0x22  fpinit_M.o [4]
  .iar.init_table    const    0x08002bd8     0x24  - Linker created -
  .rodata            const    0x08002bfc     0x20  iar_stm32f407zg_sk.o [1]
  .text              ro code  0x08002c1c     0x1a  cmain.o [5]
  .text              ro code  0x08002c36      0x4  low_level_init.o [3]
  .text              ro code  0x08002c3a      0x4  exit.o [3]
  .text              ro code  0x08002c40      0xa  cexit.o [5]
  .text              ro code  0x08002c4c     0x14  exit.o [6]
  .rodata            const    0x08002c60     0x10  iar_stm32f407zg_sk.o [1]
  .rodata            const    0x08002c70     0x10  iar_stm32f407zg_sk.o [1]
  .rodata            const    0x08002c80     0x10  iar_stm32f407zg_sk.o [1]
  .rodata            const    0x08002c90     0x10  iar_stm32f407zg_sk.o [1]
  .rodata            const    0x08002ca0     0x10  iar_stm32f407zg_sk.o [1]
  .rodata            const    0x08002cb0     0x10  iar_stm32f407zg_sk.o [1]
  .text              ro code  0x08002cc0     0x10  startup_stm32f4xx.o [1]
  .text              ro code  0x08002cd0      0xc  stm32f4xx_it.o [1]
  .text              ro code  0x08002cdc      0xc  cstartup_M.o [5]
  .rodata            const    0x08002ce8      0x8  flash.o [1]
  .rodata            const    0x08002cf0      0x8  iar_stm32f407zg_sk.o [1]
  .rodata            const    0x08002cf8      0x8  tasks.o [1]
  .rodata            const    0x08002d00      0x8  timers.o [1]
  .rodata            const    0x08002d08      0x8  timers.o [1]
  .rodata            const    0x08002d10      0x4  ParTest.o [1]
  .rodata            const    0x08002d14      0x4  port.o [1]
  .text              ro code  0x08002d18      0x4  startup_stm32f4xx.o [1]
  .text              ro code  0x08002d1c      0x4  startup_stm32f4xx.o [1]
  .text              ro code  0x08002d20      0x4  startup_stm32f4xx.o [1]
  .text              ro code  0x08002d24      0x4  startup_stm32f4xx.o [1]
  .text              ro code  0x08002d28      0x4  startup_stm32f4xx.o [1]
  .text              ro code  0x08002d2c      0x4  startup_stm32f4xx.o [1]
  .text              ro code  0x08002d30      0x4  startup_stm32f4xx.o [1]
  .text              ro code  0x08002d34      0x4  startup_stm32f4xx.o [1]
  .text              ro code  0x08002d38      0x4  startup_stm32f4xx.o [1]
  .text              ro code  0x08002d3c      0x4  startup_stm32f4xx.o [1]
  .text              ro code  0x08002d40      0x4  startup_stm32f4xx.o [1]
  .text              ro code  0x08002d44      0x4  startup_stm32f4xx.o [1]
  .text              ro code  0x08002d48      0x4  startup_stm32f4xx.o [1]
  .text              ro code  0x08002d4c      0x4  startup_stm32f4xx.o [1]
  .text              ro code  0x08002d50      0x4  startup_stm32f4xx.o [1]
  .text              ro code  0x08002d54      0x4  startup_stm32f4xx.o [1]
  .text              ro code  0x08002d58      0x4  startup_stm32f4xx.o [1]
  .text              ro code  0x08002d5c      0x4  startup_stm32f4xx.o [1]
  .text              ro code  0x08002d60      0x4  startup_stm32f4xx.o [1]
  .text              ro code  0x08002d64      0x4  startup_stm32f4xx.o [1]
  .text              ro code  0x08002d68      0x4  startup_stm32f4xx.o [1]
  .text              ro code  0x08002d6c      0x4  startup_stm32f4xx.o [1]
  .text              ro code  0x08002d70      0x4  startup_stm32f4xx.o [1]
  .text              ro code  0x08002d74      0x4  startup_stm32f4xx.o [1]
  .text              ro code  0x08002d78      0x4  startup_stm32f4xx.o [1]
  .text              ro code  0x08002d7c      0x4  startup_stm32f4xx.o [1]
  .text              ro code  0x08002d80      0x4  startup_stm32f4xx.o [1]
  .text              ro code  0x08002d84      0x4  startup_stm32f4xx.o [1]
  .text              ro code  0x08002d88      0x4  startup_stm32f4xx.o [1]
  .text              ro code  0x08002d8c      0x4  startup_stm32f4xx.o [1]
  .text              ro code  0x08002d90      0x4  startup_stm32f4xx.o [1]
  .text              ro code  0x08002d94      0x4  startup_stm32f4xx.o [1]
  .text              ro code  0x08002d98      0x4  startup_stm32f4xx.o [1]
  .text              ro code  0x08002d9c      0x4  startup_stm32f4xx.o [1]
  .text              ro code  0x08002da0      0x4  startup_stm32f4xx.o [1]
  .text              ro code  0x08002da4      0x4  startup_stm32f4xx.o [1]
  .text              ro code  0x08002da8      0x4  startup_stm32f4xx.o [1]
  .text              ro code  0x08002dac      0x4  startup_stm32f4xx.o [1]
  .text              ro code  0x08002db0      0x4  startup_stm32f4xx.o [1]
  .text              ro code  0x08002db4      0x4  startup_stm32f4xx.o [1]
  .text              ro code  0x08002db8      0x4  startup_stm32f4xx.o [1]
  .text              ro code  0x08002dbc      0x4  startup_stm32f4xx.o [1]
  .text              ro code  0x08002dc0      0x4  startup_stm32f4xx.o [1]
  .text              ro code  0x08002dc4      0x4  startup_stm32f4xx.o [1]
  .text              ro code  0x08002dc8      0x4  startup_stm32f4xx.o [1]
  .text              ro code  0x08002dcc      0x4  startup_stm32f4xx.o [1]
  .text              ro code  0x08002dd0      0x4  startup_stm32f4xx.o [1]
  .text              ro code  0x08002dd4      0x4  startup_stm32f4xx.o [1]
  .text              ro code  0x08002dd8      0x4  startup_stm32f4xx.o [1]
  .text              ro code  0x08002ddc      0x4  startup_stm32f4xx.o [1]
  .text              ro code  0x08002de0      0x4  startup_stm32f4xx.o [1]
  .text              ro code  0x08002de4      0x4  startup_stm32f4xx.o [1]
  .text              ro code  0x08002de8      0x4  startup_stm32f4xx.o [1]
  .text              ro code  0x08002dec      0x4  startup_stm32f4xx.o [1]
  .text              ro code  0x08002df0      0x4  startup_stm32f4xx.o [1]
  .text              ro code  0x08002df4      0x4  startup_stm32f4xx.o [1]
  .text              ro code  0x08002df8      0x4  startup_stm32f4xx.o [1]
  .text              ro code  0x08002dfc      0x4  startup_stm32f4xx.o [1]
  .text              ro code  0x08002e00      0x4  startup_stm32f4xx.o [1]
  .text              ro code  0x08002e04      0x4  startup_stm32f4xx.o [1]
  .text              ro code  0x08002e08      0x4  startup_stm32f4xx.o [1]
  .text              ro code  0x08002e0c      0x4  startup_stm32f4xx.o [1]
  .text              ro code  0x08002e10      0x4  startup_stm32f4xx.o [1]
  .text              ro code  0x08002e14      0x4  startup_stm32f4xx.o [1]
  .text              ro code  0x08002e18      0x4  startup_stm32f4xx.o [1]
  .text              ro code  0x08002e1c      0x4  startup_stm32f4xx.o [1]
  .text              ro code  0x08002e20      0x4  startup_stm32f4xx.o [1]
  .text              ro code  0x08002e24      0x4  startup_stm32f4xx.o [1]
  .text              ro code  0x08002e28      0x4  startup_stm32f4xx.o [1]
  .text              ro code  0x08002e2c      0x4  startup_stm32f4xx.o [1]
  .text              ro code  0x08002e30      0x4  startup_stm32f4xx.o [1]
  .text              ro code  0x08002e34      0x4  startup_stm32f4xx.o [1]
  .text              ro code  0x08002e38      0x4  startup_stm32f4xx.o [1]
  .text              ro code  0x08002e3c      0x4  startup_stm32f4xx.o [1]
  .text              ro code  0x08002e40      0x4  startup_stm32f4xx.o [1]
  .text              ro code  0x08002e44      0x4  startup_stm32f4xx.o [1]
  .text              ro code  0x08002e48      0x4  startup_stm32f4xx.o [1]
  .text              ro code  0x08002e4c      0x4  startup_stm32f4xx.o [1]
  .text              ro code  0x08002e50      0x4  startup_stm32f4xx.o [1]
  .text              ro code  0x08002e54      0x4  startup_stm32f4xx.o [1]
  .text              ro code  0x08002e58      0x4  startup_stm32f4xx.o [1]
  .text              ro code  0x08002e5c      0x4  startup_stm32f4xx.o [1]
  .text              ro code  0x08002e60      0x4  startup_stm32f4xx.o [1]
  .text              ro code  0x08002e64      0x4  startup_stm32f4xx.o [1]
  .text              ro code  0x08002e68      0x4  startup_stm32f4xx.o [1]
  .text              ro code  0x08002e6c      0x4  startup_stm32f4xx.o [1]
  .text              ro code  0x08002e70      0x4  startup_stm32f4xx.o [1]
  .text              ro code  0x08002e74      0x4  startup_stm32f4xx.o [1]
  .text              ro code  0x08002e78      0x4  startup_stm32f4xx.o [1]
  .text              ro code  0x08002e7c      0x4  startup_stm32f4xx.o [1]
  .text              ro code  0x08002e80      0x4  startup_stm32f4xx.o [1]
  .rodata            const    0x08002e84      0x0  zero_init3.o [5]
  .rodata            const    0x08002e84      0x0  copy_init3.o [5]
                            - 0x08002e84   0x2cfc

"P2", part 1 of 3:                           0x3c
  P2-1                        0x20000000     0x3c  <Init block>
    .data            inited   0x20000000      0x4  heap_2.o [1]
    .data            inited   0x20000004     0x10  iar_stm32f407zg_sk.o [1]
    .data            inited   0x20000014     0x20  iar_stm32f407zg_sk.o [1]
    .data            inited   0x20000034      0x4  port.o [1]
    .data            inited   0x20000038      0x4  system_stm32f4xx.o [1]
                            - 0x2000003c     0x3c

"P2", part 2 of 3:                          0x400
  CSTACK                      0x20000040    0x400  <Block>
    CSTACK           uninit   0x20000040    0x400  <Block tail>
                            - 0x20000440    0x400

"P2", part 3 of 3:                        0x12db4
  .bss               zero     0x20000440  0x12c00  heap_2.o [1]
  .bss               zero     0x20013040     0x64  tasks.o [1]
  .bss               zero     0x200130a4     0x40  queue.o [1]
  .bss               zero     0x200130e4     0x14  tasks.o [1]
  .bss               zero     0x200130f8     0x14  tasks.o [1]
  .bss               zero     0x2001310c     0x14  tasks.o [1]
  .bss               zero     0x20013120     0x14  tasks.o [1]
  .bss               zero     0x20013134     0x14  tasks.o [1]
  .bss               zero     0x20013148     0x14  timers.o [1]
  .bss               zero     0x2001315c     0x14  timers.o [1]
  .bss               zero     0x20013170      0x8  heap_2.o [1]
  .bss               zero     0x20013178      0x8  heap_2.o [1]
  .bss               zero     0x20013180      0x4  flash.o [1]
  .bss               zero     0x20013184      0x4  heap_2.o [1]
  .bss               zero     0x20013188      0x4  main.o [1]
  .bss               zero     0x2001318c      0x4  main.o [1]
  .bss               zero     0x20013190      0x4  main.o [1]
  .bss               zero     0x20013194      0x4  main.o [1]
  .bss               zero     0x20013198      0x4  main.o [1]
  .bss               zero     0x2001319c      0x4  port.o [1]
  .bss               zero     0x200131a0      0x4  tasks.o [1]
  .bss               zero     0x200131a4      0x4  tasks.o [1]
  .bss               zero     0x200131a8      0x4  tasks.o [1]
  .bss               zero     0x200131ac      0x4  tasks.o [1]
  .bss               zero     0x200131b0      0x4  tasks.o [1]
  .bss               zero     0x200131b4      0x4  tasks.o [1]
  .bss               zero     0x200131b8      0x4  tasks.o [1]
  .bss               zero     0x200131bc      0x4  tasks.o [1]
  .bss               zero     0x200131c0      0x4  tasks.o [1]
  .bss               zero     0x200131c4      0x4  tasks.o [1]
  .bss               zero     0x200131c8      0x4  tasks.o [1]
  .bss               zero     0x200131cc      0x4  tasks.o [1]
  .bss               zero     0x200131d0      0x4  tasks.o [1]
  .bss               zero     0x200131d4      0x4  tasks.o [1]
  .bss               zero     0x200131d8      0x4  tasks.o [1]
  .bss               zero     0x200131dc      0x4  timers.o [1]
  .bss               zero     0x200131e0      0x4  timers.o [1]
  .bss               zero     0x200131e4      0x4  timers.o [1]
  .bss               zero     0x200131e8      0x4  timers.o [1]
  .bss               zero     0x200131ec      0x4  timers.o [1]
  .bss               zero     0x200131f0      0x1  port.o [1]
                            - 0x200131f1  0x12db1


*******************************************************************************
*** INIT TABLE
***

          Address     Size
          -------     ----
Zero (__iar_zero_init3)
    1 destination range, total size 0x12db1:
          0x20000440  0x12db1

Copy (__iar_copy_init3)
    1 source range, total size 0x3c:
          0x08002b24     0x3c
    1 destination range, total size 0x3c:
          0x20000000     0x3c



*******************************************************************************
*** MODULE SUMMARY
***

    Module                 ro code  ro data  rw data
    ------                 -------  -------  -------
D:\freeRtos\FreeRTOSv9.0.0\FreeRTOS\Demo\CORTEX_M4F_STM32F407ZG-SK\Flash Debug\Obj: [1]
    ParTest.o                   60        4
    RegTest.o                  980
    flash.o                    136        8        4
    heap_2.o                   340        6   76 824
    iar_stm32f407zg_sk.o       328      184       48
    list.o                     158
    main.o                     342                20
    misc.o                     136
    port.o                     600        8        9
    portasm.o                  168
    queue.o                  2 156                64
    startup_stm32f4xx.o        772
    stm32f4xx_exti.o           164
    stm32f4xx_gpio.o           170
    stm32f4xx_it.o              12
    stm32f4xx_rcc.o             68
    stm32f4xx_syscfg.o          84
    system_stm32f4xx.o         340        4        4
    tasks.o                  3 048        8      260
    timers.o                 1 084       16       60
    ------------------------------------------------
    Total:                  11 146      238   77 293

command line: [2]
    ------------------------------------------------
    Total:

dl7M_tlf.a: [3]
    exit.o                       4
    low_level_init.o             4
    ------------------------------------------------
    Total:                       8

m7M_tls.a: [4]
    fpinit_M.o                  34
    ------------------------------------------------
    Total:                      34

rt7M_tl.a: [5]
    ABImemcpy_unaligned.o      118
    ABImemset.o                102
    cexit.o                     10
    cmain.o                     26
    copy_init3.o                44
    cstartup_M.o                12
    data_init.o                 40
    zero_init3.o                64
    ------------------------------------------------
    Total:                     416

shb_l.a: [6]
    exit.o                      20
    ------------------------------------------------
    Total:                      20

    Gaps                         8        2
    Linker created                       36    1 024
----------------------------------------------------
    Grand Total:            11 632      276   78 317


*******************************************************************************
*** ENTRY LIST
***

Entry                      Address     Size  Type      Object
-----                      -------     ----  ----      ------
.iar.init_table$$Base   0x08002bd8            --   Gb  - Linker created -
.iar.init_table$$Limit  0x08002bfc            --   Gb  - Linker created -
?main                   0x08002c1d           Code  Gb  cmain.o [5]
BUTTON_CLK              0x08002bfc     0x20  Data  Gb  iar_stm32f407zg_sk.o [1]
BUTTON_EXTI_LINE        0x08002c80     0x10  Data  Gb  iar_stm32f407zg_sk.o [1]
BUTTON_IRQn             0x08002cb0     0x10  Data  Gb  iar_stm32f407zg_sk.o [1]
BUTTON_PIN              0x08002c70     0x10  Data  Gb  iar_stm32f407zg_sk.o [1]
BUTTON_PIN_SOURCE       0x08002ca0     0x10  Data  Gb  iar_stm32f407zg_sk.o [1]
BUTTON_PORT             0x20000014     0x20  Data  Gb  iar_stm32f407zg_sk.o [1]
BUTTON_PORT_SOURCE      0x08002c90     0x10  Data  Gb  iar_stm32f407zg_sk.o [1]
BusFault_Handler        0x08002cd7      0x2  Code  Gb  stm32f4xx_it.o [1]
CSTACK$$Base            0x20000040            --   Gb  - Linker created -
CSTACK$$Limit           0x20000440            --   Gb  - Linker created -
DebugMon_Handler        0x08002cdb      0x2  Code  Gb  stm32f4xx_it.o [1]
EXTI9_5_IRQHandler      0x0800174d     0x2e  Code  Gb  main.o [1]
EXTI_ClearITPendingBit  0x0800290d      0x6  Code  Gb  stm32f4xx_exti.o [1]
EXTI_Init               0x08002885     0x88  Code  Gb  stm32f4xx_exti.o [1]
GPIO_CLK                0x08002c60     0x10  Data  Gb  iar_stm32f407zg_sk.o [1]
GPIO_Init               0x080029e5     0xaa  Code  Gb  stm32f4xx_gpio.o [1]
GPIO_PIN                0x08002cf0      0x8  Data  Gb  iar_stm32f407zg_sk.o [1]
GPIO_PORT               0x20000004     0x10  Data  Gb  iar_stm32f407zg_sk.o [1]
HardFault_Handler       0x08002cd3      0x2  Code  Gb  stm32f4xx_it.o [1]
MemManage_Handler       0x08002cd5      0x2  Code  Gb  stm32f4xx_it.o [1]
NMI_Handler             0x08002cd1      0x2  Code  Gb  stm32f4xx_it.o [1]
NVIC_Init               0x080022af     0x6a  Code  Gb  misc.o [1]
NVIC_PriorityGroupConfig
                        0x080022a5      0xa  Code  Gb  misc.o [1]
NVIC_SetPendingIRQ      0x0800165d     0x14  Code  Lc  main.o [1]
PendSV_Handler          0x080017b5           Code  Gb  portasm.o [1]
RCC_AHB1PeriphClockCmd  0x080029a1     0x1e  Code  Gb  stm32f4xx_rcc.o [1]
RCC_APB2PeriphClockCmd  0x080029bf     0x1e  Code  Gb  stm32f4xx_rcc.o [1]
Region$$Table$$Base     0x08002bd8            --   Gb  - Linker created -
Region$$Table$$Limit    0x08002bfc            --   Gb  - Linker created -
STM_EVAL_LEDInit        0x08002369     0x44  Code  Gb  iar_stm32f407zg_sk.o [1]
STM_EVAL_LEDToggle      0x080023ad     0x20  Code  Gb  iar_stm32f407zg_sk.o [1]
STM_EVAL_PBInit         0x080023cd     0xba  Code  Gb  iar_stm32f407zg_sk.o [1]
SVC_Handler             0x0800180d           Code  Gb  portasm.o [1]
SYSCFG_EXTILineConfig   0x08002a91     0x50  Code  Gb  stm32f4xx_syscfg.o [1]
SetSysClock             0x080021a3     0xce  Code  Lc  system_stm32f4xx.o [1]
SysTick_Handler         0x08001153     0x28  Code  Gb  port.o [1]
SystemCoreClock         0x20000038      0x4  Data  Gb  system_stm32f4xx.o [1]
SystemInit              0x08002151     0x52  Code  Gb  system_stm32f4xx.o [1]
TIM2_IRQHandler         0x0800170f     0x3e  Code  Gb  main.o [1]
TIM3_IRQHandler         0x080016dd     0x32  Code  Gb  main.o [1]
UsageFault_Handler      0x08002cd9      0x2  Code  Gb  stm32f4xx_it.o [1]
__aeabi_memset          0x08000ec5           Code  Gb  ABImemset.o [5]
__cmain                 0x08002c1d           Code  Gb  cmain.o [5]
__exit                  0x08002c4d     0x14  Code  Gb  exit.o [6]
__iar_Memset            0x08000ec5           Code  Gb  ABImemset.o [5]
__iar_Memset_word       0x08000ecd           Code  Gb  ABImemset.o [5]
__iar_copy_init3        0x08002b61     0x2c  Code  Gb  copy_init3.o [5]
__iar_data_init3        0x08002b8d     0x28  Code  Gb  data_init.o [5]
__iar_init_vfp          0x08002bb5           Code  Gb  fpinit_M.o [4]
__iar_program_start     0x08002cdd           Code  Gb  cstartup_M.o [5]
__iar_unaligned___aeabi_memcpy
                        0x08002929           Code  Gb  ABImemcpy_unaligned.o [5]
__iar_unaligned___aeabi_memcpy4
                        0x08002949           Code  Gb  ABImemcpy_unaligned.o [5]
__iar_unaligned___aeabi_memcpy8
                        0x08002949           Code  Gb  ABImemcpy_unaligned.o [5]
__iar_zero_init3        0x08002ae5     0x40  Code  Gb  zero_init3.o [5]
__low_level_init        0x08002c37      0x4  Code  Gb  low_level_init.o [3]
__vector_table          0x08000000           Data  Gb  startup_stm32f4xx.o [1]
_call_main              0x08002c29           Code  Gb  cmain.o [5]
_exit                   0x08002c41           Code  Gb  cexit.o [5]
_main                   0x08002c33           Code  Gb  cmain.o [5]
exit                    0x08002c3b      0x4  Code  Gb  exit.o [3]
heapSTRUCT_SIZE         0x080017b2      0x2  Data  Lc  heap_2.o [1]
main                    0x08001671     0x12  Code  Gb  main.o [1]
pcInterruptPriorityRegisters
                        0x08002d14      0x4  Data  Lc  port.o [1]
prvAddCurrentTaskToDelayedList
                        0x08000cad     0x82  Code  Lc  tasks.o [1]
prvAddNewTaskToReadyList
                        0x080002e9     0xc0  Code  Lc  tasks.o [1]
prvCheckForValidListAndQueue
                        0x080015e7     0x4c  Code  Lc  timers.o [1]
prvCheckTasksWaitingTermination
                        0x08000a3f     0x66  Code  Lc  tasks.o [1]
prvCopyDataFromQueue    0x08001f6d     0x30  Code  Lc  queue.o [1]
prvCopyDataToQueue      0x08001ed3     0x9a  Code  Lc  queue.o [1]
prvDeleteTCB            0x08000aa5     0x12  Code  Lc  tasks.o [1]
prvGetNextExpireTime    0x080013d3     0x2e  Code  Lc  timers.o [1]
prvHeapInit             0x08000e7d     0x2a  Code  Lc  heap_2.o [1]
prvIdleTask             0x080009b5     0x2a  Code  Lc  tasks.o [1]
prvInitialiseNewQueue   0x08001949     0x36  Code  Lc  queue.o [1]
prvInitialiseNewTask    0x0800020d     0xdc  Code  Lc  tasks.o [1]
prvInitialiseTaskLists  0x080009e5     0x5a  Code  Lc  tasks.o [1]
prvInsertTimerInActiveList
                        0x08001429     0x50  Code  Lc  timers.o [1]
prvIsQueueEmpty         0x0800200b     0x20  Code  Lc  queue.o [1]
prvIsQueueFull          0x0800202b     0x22  Code  Lc  queue.o [1]
prvProcessExpiredTimer  0x080012ed     0x5c  Code  Lc  timers.o [1]
prvProcessReceivedCommands
                        0x08001479     0xde  Code  Lc  timers.o [1]
prvProcessTimerOrBlockTask
                        0x08001363     0x70  Code  Lc  timers.o [1]
prvResetNextTaskUnblockTime
                        0x08000ab7     0x2a  Code  Lc  tasks.o [1]
prvSampleTimeNow        0x08001401     0x28  Code  Lc  timers.o [1]
prvSetupHardware        0x08001683     0x1c  Code  Lc  main.o [1]
prvSwitchTimerLists     0x08001557     0x90  Code  Lc  timers.o [1]
prvTaskExitError        0x08000ff1     0x2a  Code  Lc  port.o [1]
prvTimerTask            0x08001349     0x1a  Code  Lc  timers.o [1]
prvUnlockQueue          0x08001f9d     0x6e  Code  Lc  queue.o [1]
pvPortMalloc            0x08000d71     0xca  Code  Gb  heap_2.o [1]
pvTaskIncrementMutexHeldCount
                        0x08000c6d     0x1e  Code  Gb  tasks.o [1]
pxCurrentTCB            0x200131a0      0x4  Data  Gb  tasks.o [1]
pxCurrentTimerList      0x200131dc      0x4  Data  Lc  timers.o [1]
pxDelayedTaskList       0x200131a4      0x4  Data  Lc  tasks.o [1]
pxOverflowDelayedTaskList
                        0x200131a8      0x4  Data  Lc  tasks.o [1]
pxOverflowTimerList     0x200131e0      0x4  Data  Lc  timers.o [1]
pxPortInitialiseStack   0x08000fc9     0x28  Code  Gb  port.o [1]
pxReadyTasksLists       0x20013040     0x64  Data  Lc  tasks.o [1]
ucHeap                  0x20000440  0x12c00  Data  Lc  heap_2.o [1]
ucMaxSysCallPriority    0x200131f0      0x1  Data  Lc  port.o [1]
ulFPUInterruptNesting   0x20013190      0x4  Data  Gb  main.o [1]
ulMaxFPUInterruptNesting
                        0x20013194      0x4  Data  Gb  main.o [1]
ulMaxPRIGROUPValue      0x2001319c      0x4  Data  Lc  port.o [1]
ulRegTest1LoopCounter   0x20013188      0x4  Data  Gb  main.o [1]
ulRegTest2LoopCounter   0x2001318c      0x4  Data  Gb  main.o [1]
ulRegTestCheckFlopRegistersContainParameterValue
                        0x080027ef           Code  Gb  RegTest.o [1]
uxCriticalNesting       0x20000034      0x4  Data  Lc  port.o [1]
uxCurrentNumberOfTasks  0x200131b0      0x4  Data  Lc  tasks.o [1]
uxDeletedTasksWaitingCleanUp
                        0x200131ac      0x4  Data  Lc  tasks.o [1]
uxFlashTaskNumber       0x20013180      0x4  Data  Lc  flash.o [1]
uxListRemove            0x08000fa1     0x28  Code  Gb  list.o [1]
uxPendedTicks           0x200131c0      0x4  Data  Lc  tasks.o [1]
uxSchedulerSuspended    0x200131d8      0x4  Data  Lc  tasks.o [1]
uxTaskNumber            0x200131cc      0x4  Data  Lc  tasks.o [1]
uxTopReadyPriority      0x200131b8      0x4  Data  Lc  tasks.o [1]
vApplicationIdleHook    0x080017a1      0x2  Code  Gb  main.o [1]
vApplicationMallocFailedHook
                        0x08001791     0x10  Code  Gb  main.o [1]
vApplicationStackOverflowHook
                        0x080017a3     0x10  Code  Gb  main.o [1]
vApplicationTickHook    0x0800169f     0x3e  Code  Gb  main.o [1]
vLEDFlashTask           0x080020f1     0x58  Code  Lc  flash.o [1]
vListInitialise         0x08000f2b     0x1e  Code  Gb  list.o [1]
vListInitialiseItem     0x08000f49      0x6  Code  Gb  list.o [1]
vListInsert             0x08000f67     0x3a  Code  Gb  list.o [1]
vListInsertEnd          0x08000f4f     0x18  Code  Gb  list.o [1]
vParTestInitialise      0x0800232d     0x1c  Code  Gb  ParTest.o [1]
vParTestToggleLED       0x08002349     0x1a  Code  Gb  ParTest.o [1]
vPortEnableVFP          0x08001841           Code  Gb  portasm.o [1]
vPortEnterCritical      0x080010e7     0x3a  Code  Gb  port.o [1]
vPortExitCritical       0x08001121     0x32  Code  Gb  port.o [1]
vPortFree               0x08000e3b     0x42  Code  Gb  heap_2.o [1]
vPortSetupTimerInterrupt
                        0x0800117b     0x1a  Code  Wk  port.o [1]
vPortStartFirstTask     0x08001829           Code  Gb  portasm.o [1]
vPortValidateInterruptPriority
                        0x08001195     0x4e  Code  Gb  port.o [1]
vQueueAddToRegistry     0x0800204d     0x28  Code  Gb  queue.o [1]
vQueueWaitForMessageRestricted
                        0x0800207d     0x4c  Code  Gb  queue.o [1]
vRegTest1Task           0x080024b1           Code  Gb  RegTest.o [1]
vRegTest2Task           0x0800263b           Code  Gb  RegTest.o [1]
vRegTestClearFlopRegistersToParameterValue
                        0x080027cd           Code  Gb  RegTest.o [1]
vStartLEDFlashTasks     0x080020c9     0x28  Code  Gb  flash.o [1]
vTaskDelayUntil         0x080003a9     0xb6  Code  Gb  tasks.o [1]
vTaskMissedYield        0x080009a7      0xa  Code  Gb  tasks.o [1]
vTaskPlaceOnEventList   0x080007d5     0x34  Code  Gb  tasks.o [1]
vTaskPlaceOnEventListRestricted
                        0x0800081d     0x40  Code  Gb  tasks.o [1]
vTaskPriorityInherit    0x08000b07     0xac  Code  Gb  tasks.o [1]
vTaskSetTimeOutState    0x080008ed     0x26  Code  Gb  tasks.o [1]
vTaskStartScheduler     0x0800045f     0x72  Code  Gb  tasks.o [1]
vTaskSuspendAll         0x080004d1     0x10  Code  Gb  tasks.o [1]
vTaskSwitchContext      0x08000727     0xa8  Code  Gb  tasks.o [1]
xActiveTimerList1       0x20013148     0x14  Data  Lc  timers.o [1]
xActiveTimerList2       0x2001315c     0x14  Data  Lc  timers.o [1]
xDelayedTaskList1       0x200130e4     0x14  Data  Lc  tasks.o [1]
xDelayedTaskList2       0x200130f8     0x14  Data  Lc  tasks.o [1]
xEnd                    0x20013178      0x8  Data  Lc  heap_2.o [1]
xFreeBytesRemaining     0x20000000      0x4  Data  Lc  heap_2.o [1]
xIdleTaskHandle         0x200131d4      0x4  Data  Lc  tasks.o [1]
xLEDs                   0x08002d10      0x4  Data  Lc  ParTest.o [1]
xNextTaskUnblockTime    0x200131d0      0x4  Data  Lc  tasks.o [1]
xNumOfOverflows         0x200131c8      0x4  Data  Lc  tasks.o [1]
xPendingReadyList       0x2001310c     0x14  Data  Lc  tasks.o [1]
xPortStartScheduler     0x0800101b     0xcc  Code  Gb  port.o [1]
xQueueGenericCreate     0x080018f1     0x58  Code  Gb  queue.o [1]
xQueueGenericReceive    0x08001cf7    0x1dc  Code  Gb  queue.o [1]
xQueueGenericReset      0x0800185d     0x94  Code  Gb  queue.o [1]
xQueueGenericSend       0x0800197f    0x1b2  Code  Gb  queue.o [1]
xQueueGenericSendFromISR
                        0x08001b31     0xee  Code  Gb  queue.o [1]
xQueueGiveFromISR       0x08001c1f     0xd8  Code  Gb  queue.o [1]
xQueueRegistry          0x200130a4     0x40  Data  Gb  queue.o [1]
xSchedulerRunning       0x200131bc      0x4  Data  Lc  tasks.o [1]
xStart                  0x20013170      0x8  Data  Lc  heap_2.o [1]
xSuspendedTaskList      0x20013134     0x14  Data  Lc  tasks.o [1]
xTaskCheckForTimeOut    0x0800091d     0x8a  Code  Gb  tasks.o [1]
xTaskCreate             0x08000189     0x84  Code  Gb  tasks.o [1]
xTaskGetSchedulerState  0x08000ae1     0x26  Code  Gb  tasks.o [1]
xTaskGetTickCount       0x080005df      0xa  Code  Gb  tasks.o [1]
xTaskIncrementTick      0x080005e9    0x13e  Code  Gb  tasks.o [1]
xTaskPriorityDisinherit
                        0x08000bb3     0xba  Code  Gb  tasks.o [1]
xTaskRemoveFromEventList
                        0x0800085d     0x8c  Code  Gb  tasks.o [1]
xTaskResumeAll          0x080004e1     0xfe  Code  Gb  tasks.o [1]
xTasksWaitingTermination
                        0x20013120     0x14  Data  Lc  tasks.o [1]
xTestSemaphore          0x20013198      0x4  Data  Lc  main.o [1]
xTickCount              0x200131b4      0x4  Data  Lc  tasks.o [1]
xTimerCreateTimerTask   0x08001221     0x48  Code  Gb  timers.o [1]
xTimerGenericCommand    0x08001269     0x84  Code  Gb  timers.o [1]
xTimerQueue             0x200131e4      0x4  Data  Lc  timers.o [1]
xTimerTaskHandle        0x200131e8      0x4  Data  Lc  timers.o [1]
xYieldPending           0x200131c4      0x4  Data  Lc  tasks.o [1]


[1] = D:\freeRtos\FreeRTOSv9.0.0\FreeRTOS\Demo\CORTEX_M4F_STM32F407ZG-SK\Flash Debug\Obj
[2] = command line
[3] = dl7M_tlf.a
[4] = m7M_tls.a
[5] = rt7M_tl.a
[6] = shb_l.a

  11 632 bytes of readonly  code memory
     276 bytes of readonly  data memory
  78 317 bytes of readwrite data memory

Errors: none
Warnings: none
