###############################################################################
#
# IAR ELF Linker V7.50.2.10312/W32 for ARM                04/Dec/2016  20:39:01
# Copyright 2007-2015 IAR Systems AB.
#
#    Output file  =  
#        E:\Git_Rep\GSM_RTOS\FreeRTOSv9.0.0\FreeRTOS\Demo\CORTEX_M4F_STM32F407ZG-SK\Flash
#        Debug\Exe\RTOSDemo.out
#    Map file     =  
#        E:\Git_Rep\GSM_RTOS\FreeRTOSv9.0.0\FreeRTOS\Demo\CORTEX_M4F_STM32F407ZG-SK\Flash
#        Debug\List\RTOSDemo.map
#    Command line =  
#        "E:\Git_Rep\GSM_RTOS\FreeRTOSv9.0.0\FreeRTOS\Demo\CORTEX_M4F_STM32F407ZG-SK\Flash
#        Debug\Obj\GSMToSTMPort.o"
#        "E:\Git_Rep\GSM_RTOS\FreeRTOSv9.0.0\FreeRTOS\Demo\CORTEX_M4F_STM32F407ZG-SK\Flash
#        Debug\Obj\heap_2.o"
#        "E:\Git_Rep\GSM_RTOS\FreeRTOSv9.0.0\FreeRTOS\Demo\CORTEX_M4F_STM32F407ZG-SK\Flash
#        Debug\Obj\iar_stm32f407zg_sk.o"
#        "E:\Git_Rep\GSM_RTOS\FreeRTOSv9.0.0\FreeRTOS\Demo\CORTEX_M4F_STM32F407ZG-SK\Flash
#        Debug\Obj\list.o"
#        "E:\Git_Rep\GSM_RTOS\FreeRTOSv9.0.0\FreeRTOS\Demo\CORTEX_M4F_STM32F407ZG-SK\Flash
#        Debug\Obj\main.o"
#        "E:\Git_Rep\GSM_RTOS\FreeRTOSv9.0.0\FreeRTOS\Demo\CORTEX_M4F_STM32F407ZG-SK\Flash
#        Debug\Obj\misc.o"
#        "E:\Git_Rep\GSM_RTOS\FreeRTOSv9.0.0\FreeRTOS\Demo\CORTEX_M4F_STM32F407ZG-SK\Flash
#        Debug\Obj\port.o"
#        "E:\Git_Rep\GSM_RTOS\FreeRTOSv9.0.0\FreeRTOS\Demo\CORTEX_M4F_STM32F407ZG-SK\Flash
#        Debug\Obj\portasm.o"
#        "E:\Git_Rep\GSM_RTOS\FreeRTOSv9.0.0\FreeRTOS\Demo\CORTEX_M4F_STM32F407ZG-SK\Flash
#        Debug\Obj\queue.o"
#        "E:\Git_Rep\GSM_RTOS\FreeRTOSv9.0.0\FreeRTOS\Demo\CORTEX_M4F_STM32F407ZG-SK\Flash
#        Debug\Obj\RegTest.o"
#        "E:\Git_Rep\GSM_RTOS\FreeRTOSv9.0.0\FreeRTOS\Demo\CORTEX_M4F_STM32F407ZG-SK\Flash
#        Debug\Obj\startup_stm32f4xx.o"
#        "E:\Git_Rep\GSM_RTOS\FreeRTOSv9.0.0\FreeRTOS\Demo\CORTEX_M4F_STM32F407ZG-SK\Flash
#        Debug\Obj\stm32f4xx_adc.o"
#        "E:\Git_Rep\GSM_RTOS\FreeRTOSv9.0.0\FreeRTOS\Demo\CORTEX_M4F_STM32F407ZG-SK\Flash
#        Debug\Obj\stm32f4xx_can.o"
#        "E:\Git_Rep\GSM_RTOS\FreeRTOSv9.0.0\FreeRTOS\Demo\CORTEX_M4F_STM32F407ZG-SK\Flash
#        Debug\Obj\stm32f4xx_crc.o"
#        "E:\Git_Rep\GSM_RTOS\FreeRTOSv9.0.0\FreeRTOS\Demo\CORTEX_M4F_STM32F407ZG-SK\Flash
#        Debug\Obj\stm32f4xx_cryp.o"
#        "E:\Git_Rep\GSM_RTOS\FreeRTOSv9.0.0\FreeRTOS\Demo\CORTEX_M4F_STM32F407ZG-SK\Flash
#        Debug\Obj\stm32f4xx_cryp_aes.o"
#        "E:\Git_Rep\GSM_RTOS\FreeRTOSv9.0.0\FreeRTOS\Demo\CORTEX_M4F_STM32F407ZG-SK\Flash
#        Debug\Obj\stm32f4xx_cryp_des.o"
#        "E:\Git_Rep\GSM_RTOS\FreeRTOSv9.0.0\FreeRTOS\Demo\CORTEX_M4F_STM32F407ZG-SK\Flash
#        Debug\Obj\stm32f4xx_cryp_tdes.o"
#        "E:\Git_Rep\GSM_RTOS\FreeRTOSv9.0.0\FreeRTOS\Demo\CORTEX_M4F_STM32F407ZG-SK\Flash
#        Debug\Obj\stm32f4xx_dac.o"
#        "E:\Git_Rep\GSM_RTOS\FreeRTOSv9.0.0\FreeRTOS\Demo\CORTEX_M4F_STM32F407ZG-SK\Flash
#        Debug\Obj\stm32f4xx_dbgmcu.o"
#        "E:\Git_Rep\GSM_RTOS\FreeRTOSv9.0.0\FreeRTOS\Demo\CORTEX_M4F_STM32F407ZG-SK\Flash
#        Debug\Obj\stm32f4xx_dcmi.o"
#        "E:\Git_Rep\GSM_RTOS\FreeRTOSv9.0.0\FreeRTOS\Demo\CORTEX_M4F_STM32F407ZG-SK\Flash
#        Debug\Obj\stm32f4xx_dma.o"
#        "E:\Git_Rep\GSM_RTOS\FreeRTOSv9.0.0\FreeRTOS\Demo\CORTEX_M4F_STM32F407ZG-SK\Flash
#        Debug\Obj\stm32f4xx_exti.o"
#        "E:\Git_Rep\GSM_RTOS\FreeRTOSv9.0.0\FreeRTOS\Demo\CORTEX_M4F_STM32F407ZG-SK\Flash
#        Debug\Obj\stm32f4xx_flash.o"
#        "E:\Git_Rep\GSM_RTOS\FreeRTOSv9.0.0\FreeRTOS\Demo\CORTEX_M4F_STM32F407ZG-SK\Flash
#        Debug\Obj\stm32f4xx_fsmc.o"
#        "E:\Git_Rep\GSM_RTOS\FreeRTOSv9.0.0\FreeRTOS\Demo\CORTEX_M4F_STM32F407ZG-SK\Flash
#        Debug\Obj\stm32f4xx_gpio.o"
#        "E:\Git_Rep\GSM_RTOS\FreeRTOSv9.0.0\FreeRTOS\Demo\CORTEX_M4F_STM32F407ZG-SK\Flash
#        Debug\Obj\stm32f4xx_hash.o"
#        "E:\Git_Rep\GSM_RTOS\FreeRTOSv9.0.0\FreeRTOS\Demo\CORTEX_M4F_STM32F407ZG-SK\Flash
#        Debug\Obj\stm32f4xx_hash_md5.o"
#        "E:\Git_Rep\GSM_RTOS\FreeRTOSv9.0.0\FreeRTOS\Demo\CORTEX_M4F_STM32F407ZG-SK\Flash
#        Debug\Obj\stm32f4xx_hash_sha1.o"
#        "E:\Git_Rep\GSM_RTOS\FreeRTOSv9.0.0\FreeRTOS\Demo\CORTEX_M4F_STM32F407ZG-SK\Flash
#        Debug\Obj\stm32f4xx_i2c.o"
#        "E:\Git_Rep\GSM_RTOS\FreeRTOSv9.0.0\FreeRTOS\Demo\CORTEX_M4F_STM32F407ZG-SK\Flash
#        Debug\Obj\stm32f4xx_it.o"
#        "E:\Git_Rep\GSM_RTOS\FreeRTOSv9.0.0\FreeRTOS\Demo\CORTEX_M4F_STM32F407ZG-SK\Flash
#        Debug\Obj\stm32f4xx_iwdg.o"
#        "E:\Git_Rep\GSM_RTOS\FreeRTOSv9.0.0\FreeRTOS\Demo\CORTEX_M4F_STM32F407ZG-SK\Flash
#        Debug\Obj\stm32f4xx_pwr.o"
#        "E:\Git_Rep\GSM_RTOS\FreeRTOSv9.0.0\FreeRTOS\Demo\CORTEX_M4F_STM32F407ZG-SK\Flash
#        Debug\Obj\stm32f4xx_rcc.o"
#        "E:\Git_Rep\GSM_RTOS\FreeRTOSv9.0.0\FreeRTOS\Demo\CORTEX_M4F_STM32F407ZG-SK\Flash
#        Debug\Obj\stm32f4xx_rng.o"
#        "E:\Git_Rep\GSM_RTOS\FreeRTOSv9.0.0\FreeRTOS\Demo\CORTEX_M4F_STM32F407ZG-SK\Flash
#        Debug\Obj\stm32f4xx_rtc.o"
#        "E:\Git_Rep\GSM_RTOS\FreeRTOSv9.0.0\FreeRTOS\Demo\CORTEX_M4F_STM32F407ZG-SK\Flash
#        Debug\Obj\stm32f4xx_sdio.o"
#        "E:\Git_Rep\GSM_RTOS\FreeRTOSv9.0.0\FreeRTOS\Demo\CORTEX_M4F_STM32F407ZG-SK\Flash
#        Debug\Obj\stm32f4xx_spi.o"
#        "E:\Git_Rep\GSM_RTOS\FreeRTOSv9.0.0\FreeRTOS\Demo\CORTEX_M4F_STM32F407ZG-SK\Flash
#        Debug\Obj\stm32f4xx_syscfg.o"
#        "E:\Git_Rep\GSM_RTOS\FreeRTOSv9.0.0\FreeRTOS\Demo\CORTEX_M4F_STM32F407ZG-SK\Flash
#        Debug\Obj\stm32f4xx_tim.o"
#        "E:\Git_Rep\GSM_RTOS\FreeRTOSv9.0.0\FreeRTOS\Demo\CORTEX_M4F_STM32F407ZG-SK\Flash
#        Debug\Obj\stm32f4xx_usart.o"
#        "E:\Git_Rep\GSM_RTOS\FreeRTOSv9.0.0\FreeRTOS\Demo\CORTEX_M4F_STM32F407ZG-SK\Flash
#        Debug\Obj\stm32f4xx_wwdg.o"
#        "E:\Git_Rep\GSM_RTOS\FreeRTOSv9.0.0\FreeRTOS\Demo\CORTEX_M4F_STM32F407ZG-SK\Flash
#        Debug\Obj\system_stm32f4xx.o"
#        "E:\Git_Rep\GSM_RTOS\FreeRTOSv9.0.0\FreeRTOS\Demo\CORTEX_M4F_STM32F407ZG-SK\Flash
#        Debug\Obj\tasks.o"
#        "E:\Git_Rep\GSM_RTOS\FreeRTOSv9.0.0\FreeRTOS\Demo\CORTEX_M4F_STM32F407ZG-SK\Flash
#        Debug\Obj\timers.o" --redirect _Printf=_PrintfLarge --redirect
#        _Scanf=_ScanfSmall -o
#        "E:\Git_Rep\GSM_RTOS\FreeRTOSv9.0.0\FreeRTOS\Demo\CORTEX_M4F_STM32F407ZG-SK\Flash
#        Debug\Exe\RTOSDemo.out" --map
#        "E:\Git_Rep\GSM_RTOS\FreeRTOSv9.0.0\FreeRTOS\Demo\CORTEX_M4F_STM32F407ZG-SK\Flash
#        Debug\List\RTOSDemo.map" --config
#        E:\Git_Rep\GSM_RTOS\FreeRTOSv9.0.0\FreeRTOS\Demo\CORTEX_M4F_STM32F407ZG-SK\config\stm32f4xx_flash.icf
#        --semihosting --entry __iar_program_start --redirect
#        __iar_sh_stdout=__iar_sh_stdout_swo --vfe
#
###############################################################################

*******************************************************************************
*** RUNTIME MODEL ATTRIBUTES
***

CppFlavor       = *
__SystemLibrary = DLib


*******************************************************************************
*** PLACEMENT SUMMARY
***

"A1":  place at 0x08000000 { ro section .intvec };
"P1":  place in [from 0x08000000 to 0x080fffff] { ro };
"P2":  place in [from 0x20000000 to 0x2001ffff] { rw, block CSTACK, block HEAP };

  Section            Kind        Address    Size  Object
  -------            ----        -------    ----  ------
"A1":                                      0x188
  .intvec            ro code  0x08000000   0x188  startup_stm32f4xx.o [1]
                            - 0x08000188   0x188

"P1":                                     0x1238
  CODE               ro code  0x08000188   0x3d4  RegTest.o [1]
  .text              ro code  0x0800055c   0x230  tasks.o [1]
  .text              ro code  0x0800078c    0x40  list.o [1]
  .text              ro code  0x080007cc    0x20  main.o [1]
  .text              ro code  0x080007ec   0x19c  GSMToSTMPort.o [1]
  .text              ro code  0x08000988    0x10  stm32f4xx_iwdg.o [1]
  .text              ro code  0x08000998   0x158  stm32f4xx_rcc.o [1]
  .text              ro code  0x08000af0    0xc2  stm32f4xx_tim.o [1]
  .text              ro code  0x08000bb4    0x7c  misc.o [1]
  .text              ro code  0x08000c30   0x108  stm32f4xx_gpio.o [1]
  .text              ro code  0x08000d38   0x19c  stm32f4xx_usart.o [1]
  .text              ro code  0x08000ed4   0x154  system_stm32f4xx.o [1]
  CODE               ro code  0x08001028    0xa8  portasm.o [1]
  .text              ro code  0x080010d0    0x40  zero_init3.o [5]
  .text              ro code  0x08001110    0x2c  port.o [1]
  .text              ro code  0x0800113c    0x2c  copy_init3.o [5]
  .text              ro code  0x08001168    0x28  data_init.o [5]
  .text              ro code  0x08001190    0x22  fpinit_M.o [4]
  .iar.init_table    const    0x080011b4    0x24  - Linker created -
  .text              ro code  0x080011d8    0x1a  cmain.o [5]
  .text              ro code  0x080011f2     0x4  low_level_init.o [3]
  .text              ro code  0x080011f6     0x4  exit.o [3]
  .text              ro code  0x080011fc     0xa  cexit.o [5]
  .text              ro code  0x08001208    0x14  exit.o [6]
  .text              ro code  0x0800121c    0x10  startup_stm32f4xx.o [1]
  Initializer bytes  const    0x0800122c    0x10  <for P2-1>
  .text              ro code  0x0800123c     0xc  stm32f4xx_it.o [1]
  .text              ro code  0x08001248     0xc  cstartup_M.o [5]
  .text              ro code  0x08001254     0x4  startup_stm32f4xx.o [1]
  .text              ro code  0x08001258     0x4  startup_stm32f4xx.o [1]
  .text              ro code  0x0800125c     0x4  startup_stm32f4xx.o [1]
  .text              ro code  0x08001260     0x4  startup_stm32f4xx.o [1]
  .text              ro code  0x08001264     0x4  startup_stm32f4xx.o [1]
  .text              ro code  0x08001268     0x4  startup_stm32f4xx.o [1]
  .text              ro code  0x0800126c     0x4  startup_stm32f4xx.o [1]
  .text              ro code  0x08001270     0x4  startup_stm32f4xx.o [1]
  .text              ro code  0x08001274     0x4  startup_stm32f4xx.o [1]
  .text              ro code  0x08001278     0x4  startup_stm32f4xx.o [1]
  .text              ro code  0x0800127c     0x4  startup_stm32f4xx.o [1]
  .text              ro code  0x08001280     0x4  startup_stm32f4xx.o [1]
  .text              ro code  0x08001284     0x4  startup_stm32f4xx.o [1]
  .text              ro code  0x08001288     0x4  startup_stm32f4xx.o [1]
  .text              ro code  0x0800128c     0x4  startup_stm32f4xx.o [1]
  .text              ro code  0x08001290     0x4  startup_stm32f4xx.o [1]
  .text              ro code  0x08001294     0x4  startup_stm32f4xx.o [1]
  .text              ro code  0x08001298     0x4  startup_stm32f4xx.o [1]
  .text              ro code  0x0800129c     0x4  startup_stm32f4xx.o [1]
  .text              ro code  0x080012a0     0x4  startup_stm32f4xx.o [1]
  .text              ro code  0x080012a4     0x4  startup_stm32f4xx.o [1]
  .text              ro code  0x080012a8     0x4  startup_stm32f4xx.o [1]
  .text              ro code  0x080012ac     0x4  startup_stm32f4xx.o [1]
  .text              ro code  0x080012b0     0x4  startup_stm32f4xx.o [1]
  .text              ro code  0x080012b4     0x4  startup_stm32f4xx.o [1]
  .text              ro code  0x080012b8     0x4  startup_stm32f4xx.o [1]
  .text              ro code  0x080012bc     0x4  startup_stm32f4xx.o [1]
  .text              ro code  0x080012c0     0x4  startup_stm32f4xx.o [1]
  .text              ro code  0x080012c4     0x4  startup_stm32f4xx.o [1]
  .text              ro code  0x080012c8     0x4  startup_stm32f4xx.o [1]
  .text              ro code  0x080012cc     0x4  startup_stm32f4xx.o [1]
  .text              ro code  0x080012d0     0x4  startup_stm32f4xx.o [1]
  .text              ro code  0x080012d4     0x4  startup_stm32f4xx.o [1]
  .text              ro code  0x080012d8     0x4  startup_stm32f4xx.o [1]
  .text              ro code  0x080012dc     0x4  startup_stm32f4xx.o [1]
  .text              ro code  0x080012e0     0x4  startup_stm32f4xx.o [1]
  .text              ro code  0x080012e4     0x4  startup_stm32f4xx.o [1]
  .text              ro code  0x080012e8     0x4  startup_stm32f4xx.o [1]
  .text              ro code  0x080012ec     0x4  startup_stm32f4xx.o [1]
  .text              ro code  0x080012f0     0x4  startup_stm32f4xx.o [1]
  .text              ro code  0x080012f4     0x4  startup_stm32f4xx.o [1]
  .text              ro code  0x080012f8     0x4  startup_stm32f4xx.o [1]
  .text              ro code  0x080012fc     0x4  startup_stm32f4xx.o [1]
  .text              ro code  0x08001300     0x4  startup_stm32f4xx.o [1]
  .text              ro code  0x08001304     0x4  startup_stm32f4xx.o [1]
  .text              ro code  0x08001308     0x4  startup_stm32f4xx.o [1]
  .text              ro code  0x0800130c     0x4  startup_stm32f4xx.o [1]
  .text              ro code  0x08001310     0x4  startup_stm32f4xx.o [1]
  .text              ro code  0x08001314     0x4  startup_stm32f4xx.o [1]
  .text              ro code  0x08001318     0x4  startup_stm32f4xx.o [1]
  .text              ro code  0x0800131c     0x4  startup_stm32f4xx.o [1]
  .text              ro code  0x08001320     0x4  startup_stm32f4xx.o [1]
  .text              ro code  0x08001324     0x4  startup_stm32f4xx.o [1]
  .text              ro code  0x08001328     0x4  startup_stm32f4xx.o [1]
  .text              ro code  0x0800132c     0x4  startup_stm32f4xx.o [1]
  .text              ro code  0x08001330     0x4  startup_stm32f4xx.o [1]
  .text              ro code  0x08001334     0x4  startup_stm32f4xx.o [1]
  .text              ro code  0x08001338     0x4  startup_stm32f4xx.o [1]
  .text              ro code  0x0800133c     0x4  startup_stm32f4xx.o [1]
  .text              ro code  0x08001340     0x4  startup_stm32f4xx.o [1]
  .text              ro code  0x08001344     0x4  startup_stm32f4xx.o [1]
  .text              ro code  0x08001348     0x4  startup_stm32f4xx.o [1]
  .text              ro code  0x0800134c     0x4  startup_stm32f4xx.o [1]
  .text              ro code  0x08001350     0x4  startup_stm32f4xx.o [1]
  .text              ro code  0x08001354     0x4  startup_stm32f4xx.o [1]
  .text              ro code  0x08001358     0x4  startup_stm32f4xx.o [1]
  .text              ro code  0x0800135c     0x4  startup_stm32f4xx.o [1]
  .text              ro code  0x08001360     0x4  startup_stm32f4xx.o [1]
  .text              ro code  0x08001364     0x4  startup_stm32f4xx.o [1]
  .text              ro code  0x08001368     0x4  startup_stm32f4xx.o [1]
  .text              ro code  0x0800136c     0x4  startup_stm32f4xx.o [1]
  .text              ro code  0x08001370     0x4  startup_stm32f4xx.o [1]
  .text              ro code  0x08001374     0x4  startup_stm32f4xx.o [1]
  .text              ro code  0x08001378     0x4  startup_stm32f4xx.o [1]
  .text              ro code  0x0800137c     0x4  startup_stm32f4xx.o [1]
  .text              ro code  0x08001380     0x4  startup_stm32f4xx.o [1]
  .text              ro code  0x08001384     0x4  startup_stm32f4xx.o [1]
  .text              ro code  0x08001388     0x4  startup_stm32f4xx.o [1]
  .text              ro code  0x0800138c     0x4  startup_stm32f4xx.o [1]
  .text              ro code  0x08001390     0x4  startup_stm32f4xx.o [1]
  .text              ro code  0x08001394     0x4  startup_stm32f4xx.o [1]
  .text              ro code  0x08001398     0x4  startup_stm32f4xx.o [1]
  .text              ro code  0x0800139c     0x4  startup_stm32f4xx.o [1]
  .text              ro code  0x080013a0     0x4  startup_stm32f4xx.o [1]
  .text              ro code  0x080013a4     0x4  startup_stm32f4xx.o [1]
  .text              ro code  0x080013a8     0x4  startup_stm32f4xx.o [1]
  .text              ro code  0x080013ac     0x4  startup_stm32f4xx.o [1]
  .text              ro code  0x080013b0     0x4  startup_stm32f4xx.o [1]
  .text              ro code  0x080013b4     0x4  startup_stm32f4xx.o [1]
  .text              ro code  0x080013b8     0x4  startup_stm32f4xx.o [1]
  .text              ro code  0x080013bc     0x4  startup_stm32f4xx.o [1]
  .rodata            const    0x080013c0     0x0  zero_init3.o [5]
  .rodata            const    0x080013c0     0x0  copy_init3.o [5]
                            - 0x080013c0  0x1238

"P2", part 1 of 3:                          0x10
  P2-1                        0x20000000    0x10  <Init block>
    .data            inited   0x20000000    0x10  stm32f4xx_rcc.o [1]
                            - 0x20000010    0x10

"P2", part 2 of 3:                         0x400
  CSTACK                      0x20000010   0x400  <Block>
    CSTACK           uninit   0x20000010   0x400  <Block tail>
                            - 0x20000410   0x400

"P2", part 3 of 3:                          0x9c
  .bss               zero     0x20000410    0x64  tasks.o [1]
  .bss               zero     0x20000474     0x4  GSMToSTMPort.o [1]
  .bss               zero     0x20000478     0x4  GSMToSTMPort.o [1]
  .bss               zero     0x2000047c     0x4  main.o [1]
  .bss               zero     0x20000480     0x4  main.o [1]
  .bss               zero     0x20000484     0x4  tasks.o [1]
  .bss               zero     0x20000488     0x4  tasks.o [1]
  .bss               zero     0x2000048c     0x4  tasks.o [1]
  .bss               zero     0x20000490     0x4  tasks.o [1]
  .bss               zero     0x20000494     0x4  tasks.o [1]
  .bss               zero     0x20000498     0x4  tasks.o [1]
  .bss               zero     0x2000049c     0x4  tasks.o [1]
  .bss               zero     0x200004a0     0x4  tasks.o [1]
  .bss               zero     0x200004a4     0x4  tasks.o [1]
  .bss               zero     0x200004a8     0x4  tasks.o [1]
                            - 0x200004ac    0x9c


*******************************************************************************
*** INIT TABLE
***

          Address     Size
          -------     ----
Zero (__iar_zero_init3)
    1 destination range, total size 0x9c:
          0x20000410  0x9c

Copy (__iar_copy_init3)
    1 source range, total size 0x10:
          0x0800122c  0x10
    1 destination range, total size 0x10:
          0x20000000  0x10



*******************************************************************************
*** MODULE SUMMARY
***

    Module               ro code  ro data  rw data
    ------               -------  -------  -------
E:\Git_Rep\GSM_RTOS\FreeRTOSv9.0.0\FreeRTOS\Demo\CORTEX_M4F_STM32F407ZG-SK\Flash Debug\Obj: [1]
    GSMToSTMPort.o           412                 8
    RegTest.o                980
    list.o                    64
    main.o                    32                 8
    misc.o                   124
    port.o                    44
    portasm.o                168
    startup_stm32f4xx.o      772
    stm32f4xx_gpio.o         264
    stm32f4xx_it.o            12
    stm32f4xx_iwdg.o          16
    stm32f4xx_rcc.o          344       16       16
    stm32f4xx_tim.o          194
    stm32f4xx_usart.o        412
    system_stm32f4xx.o       340
    tasks.o                  560               140
    ----------------------------------------------
    Total:                 4 738       16      172

command line: [2]
    ----------------------------------------------
    Total:

dl7M_tlf.a: [3]
    exit.o                     4
    low_level_init.o           4
    ----------------------------------------------
    Total:                     8

m7M_tls.a: [4]
    fpinit_M.o                34
    ----------------------------------------------
    Total:                    34

rt7M_tl.a: [5]
    cexit.o                   10
    cmain.o                   26
    copy_init3.o              44
    cstartup_M.o              12
    data_init.o               40
    zero_init3.o              64
    ----------------------------------------------
    Total:                   196

shb_l.a: [6]
    exit.o                    20
    ----------------------------------------------
    Total:                    20

    Gaps                       6        2
    Linker created                     36    1 024
--------------------------------------------------
    Grand Total:           5 002       54    1 196


*******************************************************************************
*** ENTRY LIST
***

Entry                      Address   Size  Type      Object
-----                      -------   ----  ----      ------
.iar.init_table$$Base   0x080011b4          --   Gb  - Linker created -
.iar.init_table$$Limit  0x080011d8          --   Gb  - Linker created -
?main                   0x080011d9         Code  Gb  cmain.o [5]
APBAHBPrescTable        0x20000000   0x10  Data  Lc  stm32f4xx_rcc.o [1]
BusFault_Handler        0x08001243    0x2  Code  Gb  stm32f4xx_it.o [1]
CSTACK$$Base            0x20000010          --   Gb  - Linker created -
CSTACK$$Limit           0x20000410          --   Gb  - Linker created -
DebugMon_Handler        0x08001247    0x2  Code  Gb  stm32f4xx_it.o [1]
GPIO_Init               0x08000c31   0xaa  Code  Gb  stm32f4xx_gpio.o [1]
GPIO_PinAFConfig        0x08000cdf   0x5a  Code  Gb  stm32f4xx_gpio.o [1]
GPIO_SetBits            0x08000cdb    0x4  Code  Gb  stm32f4xx_gpio.o [1]
HardFault_Handler       0x0800123f    0x2  Code  Gb  stm32f4xx_it.o [1]
IWDG_ReloadCounter      0x08000989    0xa  Code  Gb  stm32f4xx_iwdg.o [1]
MemManage_Handler       0x08001241    0x2  Code  Gb  stm32f4xx_it.o [1]
NMI_Handler             0x0800123d    0x2  Code  Gb  stm32f4xx_it.o [1]
NVIC_Init               0x08000bb5   0x6a  Code  Gb  misc.o [1]
PendSV_Handler          0x08001029         Code  Gb  portasm.o [1]
RCC_AHB1PeriphClockCmd  0x08000a99   0x1e  Code  Gb  stm32f4xx_rcc.o [1]
RCC_APB1PeriphClockCmd  0x08000ab7   0x1e  Code  Gb  stm32f4xx_rcc.o [1]
RCC_GetClocksFreq       0x08000999  0x100  Code  Gb  stm32f4xx_rcc.o [1]
Region$$Table$$Base     0x080011b4          --   Gb  - Linker created -
Region$$Table$$Limit    0x080011d8          --   Gb  - Linker created -
SVC_Handler             0x08001081         Code  Gb  portasm.o [1]
SetSysClock             0x08000f27   0xce  Code  Lc  system_stm32f4xx.o [1]
StartComport            0x0800089f   0xc0  Code  Gb  GSMToSTMPort.o [1]
StartTick               0x080007ed   0x9a  Code  Gb  GSMToSTMPort.o [1]
SysTick_Handler         0x08001111   0x28  Code  Gb  port.o [1]
SystemInit              0x08000ed5   0x52  Code  Gb  system_stm32f4xx.o [1]
TIM2_IRQHandler         0x08000887   0x18  Code  Gb  GSMToSTMPort.o [1]
TIM_ClearITPendingBit   0x08000bab    0x8  Code  Gb  stm32f4xx_tim.o [1]
TIM_Cmd                 0x08000b5b   0x1c  Code  Gb  stm32f4xx_tim.o [1]
TIM_ITConfig            0x08000b95   0x16  Code  Gb  stm32f4xx_tim.o [1]
TIM_TimeBaseInit        0x08000af1   0x6a  Code  Gb  stm32f4xx_tim.o [1]
UART4_IRQHandler        0x0800095f   0x14  Code  Gb  GSMToSTMPort.o [1]
USART_Cmd               0x08000e35   0x1c  Code  Gb  stm32f4xx_usart.o [1]
USART_GetFlagStatus     0x08000eb7   0x1e  Code  Gb  stm32f4xx_usart.o [1]
USART_ITConfig          0x08000e61   0x56  Code  Gb  stm32f4xx_usart.o [1]
USART_Init              0x08000d39   0xee  Code  Gb  stm32f4xx_usart.o [1]
USART_ReceiveData       0x08000e59    0x8  Code  Gb  stm32f4xx_usart.o [1]
USART_SendData          0x08000e51    0x8  Code  Gb  stm32f4xx_usart.o [1]
UsageFault_Handler      0x08001245    0x2  Code  Gb  stm32f4xx_it.o [1]
__cmain                 0x080011d9         Code  Gb  cmain.o [5]
__exit                  0x08001209   0x14  Code  Gb  exit.o [6]
__iar_copy_init3        0x0800113d   0x2c  Code  Gb  copy_init3.o [5]
__iar_data_init3        0x08001169   0x28  Code  Gb  data_init.o [5]
__iar_init_vfp          0x08001191         Code  Gb  fpinit_M.o [4]
__iar_program_start     0x08001249         Code  Gb  cstartup_M.o [5]
__iar_zero_init3        0x080010d1   0x40  Code  Gb  zero_init3.o [5]
__low_level_init        0x080011f3    0x4  Code  Gb  low_level_init.o [3]
__vector_table          0x08000000         Data  Gb  startup_stm32f4xx.o [1]
_call_main              0x080011e5         Code  Gb  cmain.o [5]
_exit                   0x080011fd         Code  Gb  cexit.o [5]
_main                   0x080011ef         Code  Gb  cmain.o [5]
exit                    0x080011f7    0x4  Code  Gb  exit.o [3]
main                    0x080007cd   0x10  Code  Gb  main.o [1]
prvResetNextTaskUnblockTime
                        0x0800074d   0x2a  Code  Lc  tasks.o [1]
pxCurrentTCB            0x20000484    0x4  Data  Gb  tasks.o [1]
pxDelayedTaskList       0x20000488    0x4  Data  Lc  tasks.o [1]
pxOverflowDelayedTaskList
                        0x2000048c    0x4  Data  Lc  tasks.o [1]
pxReadyTasksLists       0x20000410   0x64  Data  Lc  tasks.o [1]
received                0x20000478    0x4  Data  Gb  GSMToSTMPort.o [1]
sysTick                 0x20000474    0x4  Data  Lc  GSMToSTMPort.o [1]
ulRegTest1LoopCounter   0x2000047c    0x4  Data  Gb  main.o [1]
ulRegTest2LoopCounter   0x20000480    0x4  Data  Gb  main.o [1]
ulRegTestCheckFlopRegistersContainParameterValue
                        0x080004c7         Code  Gb  RegTest.o [1]
uxListRemove            0x080007a5   0x28  Code  Gb  list.o [1]
uxPendedTicks           0x20000498    0x4  Data  Lc  tasks.o [1]
uxSchedulerSuspended    0x200004a8    0x4  Data  Lc  tasks.o [1]
uxTopReadyPriority      0x20000494    0x4  Data  Lc  tasks.o [1]
vApplicationStackOverflowHook
                        0x080007dd   0x10  Code  Gb  main.o [1]
vListInsertEnd          0x0800078d   0x18  Code  Gb  list.o [1]
vPortEnableVFP          0x080010b5         Code  Gb  portasm.o [1]
vPortStartFirstTask     0x0800109d         Code  Gb  portasm.o [1]
vRegTest1Task           0x08000189         Code  Gb  RegTest.o [1]
vRegTest2Task           0x08000313         Code  Gb  RegTest.o [1]
vRegTestClearFlopRegistersToParameterValue
                        0x080004a5         Code  Gb  RegTest.o [1]
vTaskSwitchContext      0x08000687   0xa8  Code  Gb  tasks.o [1]
xNextTaskUnblockTime    0x200004a4    0x4  Data  Lc  tasks.o [1]
xNumOfOverflows         0x200004a0    0x4  Data  Lc  tasks.o [1]
xTaskIncrementTick      0x0800055d  0x12a  Code  Gb  tasks.o [1]
xTickCount              0x20000490    0x4  Data  Lc  tasks.o [1]
xYieldPending           0x2000049c    0x4  Data  Lc  tasks.o [1]


[1] = E:\Git_Rep\GSM_RTOS\FreeRTOSv9.0.0\FreeRTOS\Demo\CORTEX_M4F_STM32F407ZG-SK\Flash Debug\Obj
[2] = command line
[3] = dl7M_tlf.a
[4] = m7M_tls.a
[5] = rt7M_tl.a
[6] = shb_l.a

  5 002 bytes of readonly  code memory
     54 bytes of readonly  data memory
  1 196 bytes of readwrite data memory

Errors: none
Warnings: none
